.\build\bin\google-opt.exe : test\test_matmul_l1_correct.mlir:8:10: error: expected add/mul op in 
the body
At line:1 char:76
+ ... Color Cyan; .\build\bin\google-opt.exe test\test_matmul_l1_correct.ml ...
+                 ~~~~~~~~~~~~~~~~~~~~~~~~~~~~~~~~~~~~~~~~~~~~~~~~~~~~~~~~~
    + CategoryInfo          : NotSpecified: (test\test_matmu... op in the body:String) [], RemoteExc 
   eption
    + FullyQualifiedErrorId : NativeCommandError
 
    %0 = linalg.matmul ins(%arg0, %arg1 : tensor<128x128xf32>, tensor<128x128xf32>)
         ^
test\test_matmul_l1_correct.mlir:8:10: note: see current operation: 
"linalg.matmul"(%25, %26, %27) <{indexing_maps = [affine_map<(d0, d1, d2) -> (d0, d2)>, 
affine_map<(d0, d1, d2) -> (d2, d1)>, affine_map<(d0, d1, d2) -> (d0, d1)>], operandSegmentSizes = 
array<i32: 2, 1>}> ({
^bb0(%arg9: f32, %arg10: f32, %arg11: f32):
  %29 = "llvm.fmul"(%arg9, %arg10) <{fastmathFlags = #llvm.fastmath<none>}> : (f32, f32) -> f32
  %30 = "llvm.fadd"(%arg11, %29) <{fastmathFlags = #llvm.fastmath<none>}> : (f32, f32) -> f32
  "linalg.yield"(%30) : (f32) -> ()
}) : (memref<16x16xf32, strided<[?, ?], offset: ?>>, memref<16x16xf32, strided<[?, ?], offset: ?>>, 
memref<16x16xf32, strided<[?, ?], offset: ?>>) -> ()
